Copyright 1986-2022 Xilinx, Inc. All Rights Reserved. Copyright 2022-2023 Advanced Micro Devices, Inc. All Rights Reserved.
---------------------------------------------------------------------------------------------------------------------------------------------
| Tool Version : Vivado v.2023.2 (win64) Build 4029153 Fri Oct 13 20:14:34 MDT 2023
| Date         : Wed Sep  3 13:39:11 2025
| Host         : DESKTOP-EFRMAI2 running 64-bit major release  (build 9200)
| Command      : report_control_sets -verbose -file top_wrapper_control_sets_placed.rpt
| Design       : top_wrapper
| Device       : xc7a35t
---------------------------------------------------------------------------------------------------------------------------------------------

Control Set Information

Table of Contents
-----------------
1. Summary
2. Histogram
3. Flip-Flop Distribution
4. Detailed Control Set Information

1. Summary
----------

+----------------------------------------------------------+-------+
|                          Status                          | Count |
+----------------------------------------------------------+-------+
| Total control sets                                       |    12 |
|    Minimum number of control sets                        |    12 |
|    Addition due to synthesis replication                 |     0 |
|    Addition due to physical synthesis replication        |     0 |
| Unused register locations in slices containing registers |    24 |
+----------------------------------------------------------+-------+
* Control sets can be merged at opt_design using control_set_merge or merge_equivalent_drivers
** Run report_qor_suggestions for automated merging and remapping suggestions


2. Histogram
------------

+--------------------+-------+
|       Fanout       | Count |
+--------------------+-------+
| Total control sets |    12 |
| >= 0 to < 4        |     0 |
| >= 4 to < 6        |     3 |
| >= 6 to < 8        |     1 |
| >= 8 to < 10       |     1 |
| >= 10 to < 12      |     0 |
| >= 12 to < 14      |     0 |
| >= 14 to < 16      |     1 |
| >= 16              |     6 |
+--------------------+-------+
* Control sets can be remapped at either synth_design or opt_design


3. Flip-Flop Distribution
-------------------------

+--------------+-----------------------+------------------------+-----------------+--------------+
| Clock Enable | Synchronous Set/Reset | Asynchronous Set/Reset | Total Registers | Total Slices |
+--------------+-----------------------+------------------------+-----------------+--------------+
| No           | No                    | No                     |              29 |           12 |
| No           | No                    | Yes                    |               0 |            0 |
| No           | Yes                   | No                     |              67 |           22 |
| Yes          | No                    | No                     |              48 |           12 |
| Yes          | No                    | Yes                    |               0 |            0 |
| Yes          | Yes                   | No                     |              40 |           10 |
+--------------+-----------------------+------------------------+-----------------+--------------+


4. Detailed Control Set Information
-----------------------------------

+--------------------------------+-----------------------------------------------------+-----------------------------------------------------+------------------+----------------+--------------+
|          Clock Signal          |                    Enable Signal                    |                   Set/Reset Signal                  | Slice Load Count | Bel Load Count | Bels / Slice |
+--------------------------------+-----------------------------------------------------+-----------------------------------------------------+------------------+----------------+--------------+
|  top_i/clk_wiz_0/inst/clk_out1 | top_i/UART_RX_0/U0/current_index                    | top_i/UART_RX_0/U0/rx_byte_error0                   |                2 |              4 |         2.00 |
|  top_i/clk_wiz_0/inst/clk_out1 | top_i/UART_TX_0/U0/current_index                    | top_i/UART_TX_0/U0/s_ready                          |                1 |              4 |         4.00 |
|  top_i/clk_wiz_0/inst/clk_out1 |                                                     | top_i/UART_RX_0/U0/baud_data_sample0                |                2 |              5 |         2.50 |
|  top_i/clk_wiz_0/inst/clk_out1 |                                                     | top_i/ASCII_LUT_0/U0/p_0_in                         |                3 |              7 |         2.33 |
|  top_i/clk_wiz_0/inst/clk_out1 |                                                     | top_i/UART_RX_0/U0/bit_time_counter[13]_i_1_n_0     |                5 |              9 |         1.80 |
|  top_i/clk_wiz_0/inst/clk_out1 |                                                     | top_i/UART_TX_0/U0/clear                            |                4 |             14 |         3.50 |
|  top_i/clk_wiz_0/inst/clk_out1 | top_i/LED_Toggle_0/U0/multiplier_stored_0           |                                                     |                5 |             16 |         3.20 |
|  top_i/clk_wiz_0/inst/clk_out1 | top_i/UART_CONTROLLER_0/U0/data_buildup[31]_i_2_n_0 | top_i/UART_CONTROLLER_0/U0/data_buildup[31]_i_1_n_0 |                3 |             16 |         5.33 |
|  top_i/clk_wiz_0/inst/clk_out1 | top_i/UART_CONTROLLER_0/U0/data_buildup[15]_i_2_n_0 | top_i/UART_CONTROLLER_0/U0/data_buildup[15]_i_1_n_0 |                4 |             16 |         4.00 |
|  top_i/clk_wiz_0/inst/clk_out1 |                                                     |                                                     |               12 |             29 |         2.42 |
|  top_i/clk_wiz_0/inst/clk_out1 |                                                     | top_i/LED_Toggle_0/U0/clear                         |                8 |             32 |         4.00 |
|  top_i/clk_wiz_0/inst/clk_out1 | top_i/UART_CONTROLLER_0/U0/RX_DATA_FULL[31]_i_1_n_0 |                                                     |                7 |             32 |         4.57 |
+--------------------------------+-----------------------------------------------------+-----------------------------------------------------+------------------+----------------+--------------+


