Copyright 1986-2022 Xilinx, Inc. All Rights Reserved. Copyright 2022-2023 Advanced Micro Devices, Inc. All Rights Reserved.
-----------------------------------------------------------------------------------------------------------------------------------------------------------------------
| Tool Version : Vivado v.2023.2 (win64) Build 4029153 Fri Oct 13 20:14:34 MDT 2023
| Date         : Mon Sep  8 16:11:27 2025
| Host         : DESKTOP-EFRMAI2 running 64-bit major release  (build 9200)
| Command      : report_methodology -file top_wrapper_methodology_drc_routed.rpt -pb top_wrapper_methodology_drc_routed.pb -rpx top_wrapper_methodology_drc_routed.rpx
| Design       : top_wrapper
| Device       : xc7a35tcpg236-1
| Speed File   : -1
| Design State : Fully Routed
-----------------------------------------------------------------------------------------------------------------------------------------------------------------------

Report Methodology

Table of Contents
-----------------
1. REPORT SUMMARY
2. REPORT DETAILS

1. REPORT SUMMARY
-----------------
            Netlist: netlist
          Floorplan: design_1
      Design limits: <entire design considered>
             Max violations: <unlimited>
             Violations found: 43
+-----------+----------+-------------------------------+------------+
| Rule      | Severity | Description                   | Violations |
+-----------+----------+-------------------------------+------------+
| TIMING-16 | Warning  | Large setup violation         | 33         |
| TIMING-18 | Warning  | Missing input or output delay | 10         |
+-----------+----------+-------------------------------+------------+

2. REPORT DETAILS
-----------------
TIMING-16#1 Warning
Large setup violation  
There is a large setup violation of -8.034 ns between top_i/LED_Toggle_0/U0/led_pwm_stored_reg[0]/C (clocked by clk_out1_top_clk_wiz_0_0) and top_i/LED_Toggle_0/U0/LED_ON_reg/D (clocked by clk_out1_top_clk_wiz_0_0). Large setup violations at the end of those stages might be difficult to fix during the post-placement implementation flow and could be the result of non-optimal XDC constraints or non-optimal design architecture
Related violations: <none>

TIMING-16#2 Warning
Large setup violation  
There is a large setup violation of -8.981 ns between top_i/LED_Toggle_0/U0/led_pwm_stored_reg[0]/C (clocked by clk_out1_top_clk_wiz_0_0) and top_i/LED_Toggle_0/U0/counter_reg[10]/R (clocked by clk_out1_top_clk_wiz_0_0). Large setup violations at the end of those stages might be difficult to fix during the post-placement implementation flow and could be the result of non-optimal XDC constraints or non-optimal design architecture
Related violations: <none>

TIMING-16#3 Warning
Large setup violation  
There is a large setup violation of -8.981 ns between top_i/LED_Toggle_0/U0/led_pwm_stored_reg[0]/C (clocked by clk_out1_top_clk_wiz_0_0) and top_i/LED_Toggle_0/U0/counter_reg[11]/R (clocked by clk_out1_top_clk_wiz_0_0). Large setup violations at the end of those stages might be difficult to fix during the post-placement implementation flow and could be the result of non-optimal XDC constraints or non-optimal design architecture
Related violations: <none>

TIMING-16#4 Warning
Large setup violation  
There is a large setup violation of -8.981 ns between top_i/LED_Toggle_0/U0/led_pwm_stored_reg[0]/C (clocked by clk_out1_top_clk_wiz_0_0) and top_i/LED_Toggle_0/U0/counter_reg[15]/R (clocked by clk_out1_top_clk_wiz_0_0). Large setup violations at the end of those stages might be difficult to fix during the post-placement implementation flow and could be the result of non-optimal XDC constraints or non-optimal design architecture
Related violations: <none>

TIMING-16#5 Warning
Large setup violation  
There is a large setup violation of -8.981 ns between top_i/LED_Toggle_0/U0/led_pwm_stored_reg[0]/C (clocked by clk_out1_top_clk_wiz_0_0) and top_i/LED_Toggle_0/U0/counter_reg[28]/R (clocked by clk_out1_top_clk_wiz_0_0). Large setup violations at the end of those stages might be difficult to fix during the post-placement implementation flow and could be the result of non-optimal XDC constraints or non-optimal design architecture
Related violations: <none>

TIMING-16#6 Warning
Large setup violation  
There is a large setup violation of -8.981 ns between top_i/LED_Toggle_0/U0/led_pwm_stored_reg[0]/C (clocked by clk_out1_top_clk_wiz_0_0) and top_i/LED_Toggle_0/U0/counter_reg[29]/R (clocked by clk_out1_top_clk_wiz_0_0). Large setup violations at the end of those stages might be difficult to fix during the post-placement implementation flow and could be the result of non-optimal XDC constraints or non-optimal design architecture
Related violations: <none>

TIMING-16#7 Warning
Large setup violation  
There is a large setup violation of -8.981 ns between top_i/LED_Toggle_0/U0/led_pwm_stored_reg[0]/C (clocked by clk_out1_top_clk_wiz_0_0) and top_i/LED_Toggle_0/U0/counter_reg[30]/R (clocked by clk_out1_top_clk_wiz_0_0). Large setup violations at the end of those stages might be difficult to fix during the post-placement implementation flow and could be the result of non-optimal XDC constraints or non-optimal design architecture
Related violations: <none>

TIMING-16#8 Warning
Large setup violation  
There is a large setup violation of -8.981 ns between top_i/LED_Toggle_0/U0/led_pwm_stored_reg[0]/C (clocked by clk_out1_top_clk_wiz_0_0) and top_i/LED_Toggle_0/U0/counter_reg[31]/R (clocked by clk_out1_top_clk_wiz_0_0). Large setup violations at the end of those stages might be difficult to fix during the post-placement implementation flow and could be the result of non-optimal XDC constraints or non-optimal design architecture
Related violations: <none>

TIMING-16#9 Warning
Large setup violation  
There is a large setup violation of -8.981 ns between top_i/LED_Toggle_0/U0/led_pwm_stored_reg[0]/C (clocked by clk_out1_top_clk_wiz_0_0) and top_i/LED_Toggle_0/U0/counter_reg[8]/R (clocked by clk_out1_top_clk_wiz_0_0). Large setup violations at the end of those stages might be difficult to fix during the post-placement implementation flow and could be the result of non-optimal XDC constraints or non-optimal design architecture
Related violations: <none>

TIMING-16#10 Warning
Large setup violation  
There is a large setup violation of -9.076 ns between top_i/LED_Toggle_0/U0/led_pwm_stored_reg[0]/C (clocked by clk_out1_top_clk_wiz_0_0) and top_i/LED_Toggle_0/U0/counter_reg[0]/R (clocked by clk_out1_top_clk_wiz_0_0). Large setup violations at the end of those stages might be difficult to fix during the post-placement implementation flow and could be the result of non-optimal XDC constraints or non-optimal design architecture
Related violations: <none>

TIMING-16#11 Warning
Large setup violation  
There is a large setup violation of -9.076 ns between top_i/LED_Toggle_0/U0/led_pwm_stored_reg[0]/C (clocked by clk_out1_top_clk_wiz_0_0) and top_i/LED_Toggle_0/U0/counter_reg[16]/R (clocked by clk_out1_top_clk_wiz_0_0). Large setup violations at the end of those stages might be difficult to fix during the post-placement implementation flow and could be the result of non-optimal XDC constraints or non-optimal design architecture
Related violations: <none>

TIMING-16#12 Warning
Large setup violation  
There is a large setup violation of -9.076 ns between top_i/LED_Toggle_0/U0/led_pwm_stored_reg[0]/C (clocked by clk_out1_top_clk_wiz_0_0) and top_i/LED_Toggle_0/U0/counter_reg[17]/R (clocked by clk_out1_top_clk_wiz_0_0). Large setup violations at the end of those stages might be difficult to fix during the post-placement implementation flow and could be the result of non-optimal XDC constraints or non-optimal design architecture
Related violations: <none>

TIMING-16#13 Warning
Large setup violation  
There is a large setup violation of -9.076 ns between top_i/LED_Toggle_0/U0/led_pwm_stored_reg[0]/C (clocked by clk_out1_top_clk_wiz_0_0) and top_i/LED_Toggle_0/U0/counter_reg[18]/R (clocked by clk_out1_top_clk_wiz_0_0). Large setup violations at the end of those stages might be difficult to fix during the post-placement implementation flow and could be the result of non-optimal XDC constraints or non-optimal design architecture
Related violations: <none>

TIMING-16#14 Warning
Large setup violation  
There is a large setup violation of -9.076 ns between top_i/LED_Toggle_0/U0/led_pwm_stored_reg[0]/C (clocked by clk_out1_top_clk_wiz_0_0) and top_i/LED_Toggle_0/U0/counter_reg[19]/R (clocked by clk_out1_top_clk_wiz_0_0). Large setup violations at the end of those stages might be difficult to fix during the post-placement implementation flow and could be the result of non-optimal XDC constraints or non-optimal design architecture
Related violations: <none>

TIMING-16#15 Warning
Large setup violation  
There is a large setup violation of -9.076 ns between top_i/LED_Toggle_0/U0/led_pwm_stored_reg[0]/C (clocked by clk_out1_top_clk_wiz_0_0) and top_i/LED_Toggle_0/U0/counter_reg[1]/R (clocked by clk_out1_top_clk_wiz_0_0). Large setup violations at the end of those stages might be difficult to fix during the post-placement implementation flow and could be the result of non-optimal XDC constraints or non-optimal design architecture
Related violations: <none>

TIMING-16#16 Warning
Large setup violation  
There is a large setup violation of -9.076 ns between top_i/LED_Toggle_0/U0/led_pwm_stored_reg[0]/C (clocked by clk_out1_top_clk_wiz_0_0) and top_i/LED_Toggle_0/U0/counter_reg[2]/R (clocked by clk_out1_top_clk_wiz_0_0). Large setup violations at the end of those stages might be difficult to fix during the post-placement implementation flow and could be the result of non-optimal XDC constraints or non-optimal design architecture
Related violations: <none>

TIMING-16#17 Warning
Large setup violation  
There is a large setup violation of -9.076 ns between top_i/LED_Toggle_0/U0/led_pwm_stored_reg[0]/C (clocked by clk_out1_top_clk_wiz_0_0) and top_i/LED_Toggle_0/U0/counter_reg[3]/R (clocked by clk_out1_top_clk_wiz_0_0). Large setup violations at the end of those stages might be difficult to fix during the post-placement implementation flow and could be the result of non-optimal XDC constraints or non-optimal design architecture
Related violations: <none>

TIMING-16#18 Warning
Large setup violation  
There is a large setup violation of -9.140 ns between top_i/LED_Toggle_0/U0/led_pwm_stored_reg[0]/C (clocked by clk_out1_top_clk_wiz_0_0) and top_i/LED_Toggle_0/U0/counter_reg[12]/R (clocked by clk_out1_top_clk_wiz_0_0). Large setup violations at the end of those stages might be difficult to fix during the post-placement implementation flow and could be the result of non-optimal XDC constraints or non-optimal design architecture
Related violations: <none>

TIMING-16#19 Warning
Large setup violation  
There is a large setup violation of -9.140 ns between top_i/LED_Toggle_0/U0/led_pwm_stored_reg[0]/C (clocked by clk_out1_top_clk_wiz_0_0) and top_i/LED_Toggle_0/U0/counter_reg[13]/R (clocked by clk_out1_top_clk_wiz_0_0). Large setup violations at the end of those stages might be difficult to fix during the post-placement implementation flow and could be the result of non-optimal XDC constraints or non-optimal design architecture
Related violations: <none>

TIMING-16#20 Warning
Large setup violation  
There is a large setup violation of -9.140 ns between top_i/LED_Toggle_0/U0/led_pwm_stored_reg[0]/C (clocked by clk_out1_top_clk_wiz_0_0) and top_i/LED_Toggle_0/U0/counter_reg[14]/R (clocked by clk_out1_top_clk_wiz_0_0). Large setup violations at the end of those stages might be difficult to fix during the post-placement implementation flow and could be the result of non-optimal XDC constraints or non-optimal design architecture
Related violations: <none>

TIMING-16#21 Warning
Large setup violation  
There is a large setup violation of -9.140 ns between top_i/LED_Toggle_0/U0/led_pwm_stored_reg[0]/C (clocked by clk_out1_top_clk_wiz_0_0) and top_i/LED_Toggle_0/U0/counter_reg[20]/R (clocked by clk_out1_top_clk_wiz_0_0). Large setup violations at the end of those stages might be difficult to fix during the post-placement implementation flow and could be the result of non-optimal XDC constraints or non-optimal design architecture
Related violations: <none>

TIMING-16#22 Warning
Large setup violation  
There is a large setup violation of -9.140 ns between top_i/LED_Toggle_0/U0/led_pwm_stored_reg[0]/C (clocked by clk_out1_top_clk_wiz_0_0) and top_i/LED_Toggle_0/U0/counter_reg[21]/R (clocked by clk_out1_top_clk_wiz_0_0). Large setup violations at the end of those stages might be difficult to fix during the post-placement implementation flow and could be the result of non-optimal XDC constraints or non-optimal design architecture
Related violations: <none>

TIMING-16#23 Warning
Large setup violation  
There is a large setup violation of -9.140 ns between top_i/LED_Toggle_0/U0/led_pwm_stored_reg[0]/C (clocked by clk_out1_top_clk_wiz_0_0) and top_i/LED_Toggle_0/U0/counter_reg[22]/R (clocked by clk_out1_top_clk_wiz_0_0). Large setup violations at the end of those stages might be difficult to fix during the post-placement implementation flow and could be the result of non-optimal XDC constraints or non-optimal design architecture
Related violations: <none>

TIMING-16#24 Warning
Large setup violation  
There is a large setup violation of -9.140 ns between top_i/LED_Toggle_0/U0/led_pwm_stored_reg[0]/C (clocked by clk_out1_top_clk_wiz_0_0) and top_i/LED_Toggle_0/U0/counter_reg[23]/R (clocked by clk_out1_top_clk_wiz_0_0). Large setup violations at the end of those stages might be difficult to fix during the post-placement implementation flow and could be the result of non-optimal XDC constraints or non-optimal design architecture
Related violations: <none>

TIMING-16#25 Warning
Large setup violation  
There is a large setup violation of -9.140 ns between top_i/LED_Toggle_0/U0/led_pwm_stored_reg[0]/C (clocked by clk_out1_top_clk_wiz_0_0) and top_i/LED_Toggle_0/U0/counter_reg[24]/R (clocked by clk_out1_top_clk_wiz_0_0). Large setup violations at the end of those stages might be difficult to fix during the post-placement implementation flow and could be the result of non-optimal XDC constraints or non-optimal design architecture
Related violations: <none>

TIMING-16#26 Warning
Large setup violation  
There is a large setup violation of -9.140 ns between top_i/LED_Toggle_0/U0/led_pwm_stored_reg[0]/C (clocked by clk_out1_top_clk_wiz_0_0) and top_i/LED_Toggle_0/U0/counter_reg[25]/R (clocked by clk_out1_top_clk_wiz_0_0). Large setup violations at the end of those stages might be difficult to fix during the post-placement implementation flow and could be the result of non-optimal XDC constraints or non-optimal design architecture
Related violations: <none>

TIMING-16#27 Warning
Large setup violation  
There is a large setup violation of -9.140 ns between top_i/LED_Toggle_0/U0/led_pwm_stored_reg[0]/C (clocked by clk_out1_top_clk_wiz_0_0) and top_i/LED_Toggle_0/U0/counter_reg[26]/R (clocked by clk_out1_top_clk_wiz_0_0). Large setup violations at the end of those stages might be difficult to fix during the post-placement implementation flow and could be the result of non-optimal XDC constraints or non-optimal design architecture
Related violations: <none>

TIMING-16#28 Warning
Large setup violation  
There is a large setup violation of -9.140 ns between top_i/LED_Toggle_0/U0/led_pwm_stored_reg[0]/C (clocked by clk_out1_top_clk_wiz_0_0) and top_i/LED_Toggle_0/U0/counter_reg[27]/R (clocked by clk_out1_top_clk_wiz_0_0). Large setup violations at the end of those stages might be difficult to fix during the post-placement implementation flow and could be the result of non-optimal XDC constraints or non-optimal design architecture
Related violations: <none>

TIMING-16#29 Warning
Large setup violation  
There is a large setup violation of -9.140 ns between top_i/LED_Toggle_0/U0/led_pwm_stored_reg[0]/C (clocked by clk_out1_top_clk_wiz_0_0) and top_i/LED_Toggle_0/U0/counter_reg[4]/R (clocked by clk_out1_top_clk_wiz_0_0). Large setup violations at the end of those stages might be difficult to fix during the post-placement implementation flow and could be the result of non-optimal XDC constraints or non-optimal design architecture
Related violations: <none>

TIMING-16#30 Warning
Large setup violation  
There is a large setup violation of -9.140 ns between top_i/LED_Toggle_0/U0/led_pwm_stored_reg[0]/C (clocked by clk_out1_top_clk_wiz_0_0) and top_i/LED_Toggle_0/U0/counter_reg[5]/R (clocked by clk_out1_top_clk_wiz_0_0). Large setup violations at the end of those stages might be difficult to fix during the post-placement implementation flow and could be the result of non-optimal XDC constraints or non-optimal design architecture
Related violations: <none>

TIMING-16#31 Warning
Large setup violation  
There is a large setup violation of -9.140 ns between top_i/LED_Toggle_0/U0/led_pwm_stored_reg[0]/C (clocked by clk_out1_top_clk_wiz_0_0) and top_i/LED_Toggle_0/U0/counter_reg[6]/R (clocked by clk_out1_top_clk_wiz_0_0). Large setup violations at the end of those stages might be difficult to fix during the post-placement implementation flow and could be the result of non-optimal XDC constraints or non-optimal design architecture
Related violations: <none>

TIMING-16#32 Warning
Large setup violation  
There is a large setup violation of -9.140 ns between top_i/LED_Toggle_0/U0/led_pwm_stored_reg[0]/C (clocked by clk_out1_top_clk_wiz_0_0) and top_i/LED_Toggle_0/U0/counter_reg[7]/R (clocked by clk_out1_top_clk_wiz_0_0). Large setup violations at the end of those stages might be difficult to fix during the post-placement implementation flow and could be the result of non-optimal XDC constraints or non-optimal design architecture
Related violations: <none>

TIMING-16#33 Warning
Large setup violation  
There is a large setup violation of -9.140 ns between top_i/LED_Toggle_0/U0/led_pwm_stored_reg[0]/C (clocked by clk_out1_top_clk_wiz_0_0) and top_i/LED_Toggle_0/U0/counter_reg[9]/R (clocked by clk_out1_top_clk_wiz_0_0). Large setup violations at the end of those stages might be difficult to fix during the post-placement implementation flow and could be the result of non-optimal XDC constraints or non-optimal design architecture
Related violations: <none>

TIMING-18#1 Warning
Missing input or output delay  
An input delay is missing on RsRx relative to the rising and/or falling clock edge(s) of sys_clock.
Related violations: <none>

TIMING-18#2 Warning
Missing input or output delay  
An output delay is missing on RsTx relative to the rising and/or falling clock edge(s) of sys_clock.
Related violations: <none>

TIMING-18#3 Warning
Missing input or output delay  
An output delay is missing on led[0] relative to the rising and/or falling clock edge(s) of sys_clock.
Related violations: <none>

TIMING-18#4 Warning
Missing input or output delay  
An output delay is missing on led[1] relative to the rising and/or falling clock edge(s) of sys_clock.
Related violations: <none>

TIMING-18#5 Warning
Missing input or output delay  
An output delay is missing on led[2] relative to the rising and/or falling clock edge(s) of sys_clock.
Related violations: <none>

TIMING-18#6 Warning
Missing input or output delay  
An output delay is missing on led[3] relative to the rising and/or falling clock edge(s) of sys_clock.
Related violations: <none>

TIMING-18#7 Warning
Missing input or output delay  
An output delay is missing on led[4] relative to the rising and/or falling clock edge(s) of sys_clock.
Related violations: <none>

TIMING-18#8 Warning
Missing input or output delay  
An output delay is missing on led[5] relative to the rising and/or falling clock edge(s) of sys_clock.
Related violations: <none>

TIMING-18#9 Warning
Missing input or output delay  
An output delay is missing on led[6] relative to the rising and/or falling clock edge(s) of sys_clock.
Related violations: <none>

TIMING-18#10 Warning
Missing input or output delay  
An output delay is missing on led[7] relative to the rising and/or falling clock edge(s) of sys_clock.
Related violations: <none>


